<?xml version="1.0" encoding="UTF-8"?>
<testsuites>
  <testsuite name="D:\laragon\www\upokul-travels\phpunit.xml" tests="16" assertions="45" errors="0" failures="0" skipped="0" time="1.427433">
    <testsuite name="Unit" tests="6" assertions="22" errors="0" failures="0" skipped="0" time="0.883825">
      <testsuite name="Tests\Unit\ContactServiceTest" file="D:\laragon\www\upokul-travels\tests\Unit\ContactServiceTest.php" tests="2" assertions="18" errors="0" failures="0" skipped="0" time="0.783093">
        <testcase name="test_contact_service_stores_valid_contact_request" file="D:\laragon\www\upokul-travels\tests\Unit\ContactServiceTest.php" line="17" class="Tests\Unit\ContactServiceTest" classname="Tests.Unit.ContactServiceTest" assertions="9" time="0.754248"/>
        <testcase name="test_contact_service_returns_validation_errors_for_empty_request" file="D:\laragon\www\upokul-travels\tests\Unit\ContactServiceTest.php" line="52" class="Tests\Unit\ContactServiceTest" classname="Tests.Unit.ContactServiceTest" assertions="9" time="0.028845"/>
      </testsuite>
      <testsuite name="Tests\Unit\Demo1ControllerTest" file="D:\laragon\www\upokul-travels\tests\Unit\Demo1ControllerTest.php" tests="1" assertions="1" errors="0" failures="0" skipped="0" time="0.045229">
        <testcase name="test_demo1_method_returns_demo1_view" file="D:\laragon\www\upokul-travels\tests\Unit\Demo1ControllerTest.php" line="13" class="Tests\Unit\Demo1ControllerTest" classname="Tests.Unit.Demo1ControllerTest" assertions="1" time="0.045229"/>
      </testsuite>
      <testsuite name="Tests\Unit\Demo2ControllerTest" file="D:\laragon\www\upokul-travels\tests\Unit\Demo2ControllerTest.php" tests="1" assertions="1" errors="0" failures="0" skipped="0" time="0.026895">
        <testcase name="test_demo2_method_returns_demo2_view" file="D:\laragon\www\upokul-travels\tests\Unit\Demo2ControllerTest.php" line="13" class="Tests\Unit\Demo2ControllerTest" classname="Tests.Unit.Demo2ControllerTest" assertions="1" time="0.026895"/>
      </testsuite>
      <testsuite name="Tests\Unit\Demo3ControllerTest" file="D:\laragon\www\upokul-travels\tests\Unit\Demo3ControllerTest.php" tests="1" assertions="1" errors="0" failures="0" skipped="0" time="0.027140">
        <testcase name="test_demo3_method_returns_demo3_view" file="D:\laragon\www\upokul-travels\tests\Unit\Demo3ControllerTest.php" line="13" class="Tests\Unit\Demo3ControllerTest" classname="Tests.Unit.Demo3ControllerTest" assertions="1" time="0.027140"/>
      </testsuite>
      <testsuite name="Tests\Unit\ExampleTest" file="D:\laragon\www\upokul-travels\tests\Unit\ExampleTest.php" tests="1" assertions="1" errors="0" failures="0" skipped="0" time="0.001469">
        <testcase name="test_that_true_is_true" file="D:\laragon\www\upokul-travels\tests\Unit\ExampleTest.php" line="12" class="Tests\Unit\ExampleTest" classname="Tests.Unit.ExampleTest" assertions="1" time="0.001469"/>
      </testsuite>
    </testsuite>
    <testsuite name="Feature" tests="10" assertions="23" errors="0" failures="0" skipped="0" time="0.543607">
      <testsuite name="Tests\Feature\ContactPostTest" file="D:\laragon\www\upokul-travels\tests\Feature\ContactPostTest.php" tests="3" assertions="16" errors="0" failures="0" skipped="0" time="0.163300">
        <testcase name="test_contact_form_can_be_submitted_with_ajax_request" file="D:\laragon\www\upokul-travels\tests\Feature\ContactPostTest.php" line="17" class="Tests\Feature\ContactPostTest" classname="Tests.Feature.ContactPostTest" assertions="4" time="0.084301"/>
        <testcase name="test_contact_form_returns_validation_errors_for_missing_fields" file="D:\laragon\www\upokul-travels\tests\Feature\ContactPostTest.php" line="52" class="Tests\Feature\ContactPostTest" classname="Tests.Feature.ContactPostTest" assertions="9" time="0.037454"/>
        <testcase name="test_contact_form_rejects_non_ajax_request" file="D:\laragon\www\upokul-travels\tests\Feature\ContactPostTest.php" line="76" class="Tests\Feature\ContactPostTest" classname="Tests.Feature.ContactPostTest" assertions="3" time="0.041545"/>
      </testsuite>
      <testsuite name="Tests\Feature\Demo1PageTest" file="D:\laragon\www\upokul-travels\tests\Feature\Demo1PageTest.php" tests="2" assertions="2" errors="0" failures="0" skipped="0" time="0.130508">
        <testcase name="test_demo1_page_loads_successfully" file="D:\laragon\www\upokul-travels\tests\Feature\Demo1PageTest.php" line="14" class="Tests\Feature\Demo1PageTest" classname="Tests.Feature.Demo1PageTest" assertions="1" time="0.083458"/>
        <testcase name="test_demo1_named_route_loads_successfully" file="D:\laragon\www\upokul-travels\tests\Feature\Demo1PageTest.php" line="21" class="Tests\Feature\Demo1PageTest" classname="Tests.Feature.Demo1PageTest" assertions="1" time="0.047050"/>
      </testsuite>
      <testsuite name="Tests\Feature\Demo2PageTest" file="D:\laragon\www\upokul-travels\tests\Feature\Demo2PageTest.php" tests="2" assertions="2" errors="0" failures="0" skipped="0" time="0.098464">
        <testcase name="test_demo2_page_loads_successfully" file="D:\laragon\www\upokul-travels\tests\Feature\Demo2PageTest.php" line="14" class="Tests\Feature\Demo2PageTest" classname="Tests.Feature.Demo2PageTest" assertions="1" time="0.049697"/>
        <testcase name="test_demo2_named_route_loads_successfully" file="D:\laragon\www\upokul-travels\tests\Feature\Demo2PageTest.php" line="21" class="Tests\Feature\Demo2PageTest" classname="Tests.Feature.Demo2PageTest" assertions="1" time="0.048766"/>
      </testsuite>
      <testsuite name="Tests\Feature\Demo3PageTest" file="D:\laragon\www\upokul-travels\tests\Feature\Demo3PageTest.php" tests="2" assertions="2" errors="0" failures="0" skipped="0" time="0.102868">
        <testcase name="test_demo3_page_loads_successfully" file="D:\laragon\www\upokul-travels\tests\Feature\Demo3PageTest.php" line="14" class="Tests\Feature\Demo3PageTest" classname="Tests.Feature.Demo3PageTest" assertions="1" time="0.055977"/>
        <testcase name="test_demo3_named_route_loads_successfully" file="D:\laragon\www\upokul-travels\tests\Feature\Demo3PageTest.php" line="21" class="Tests\Feature\Demo3PageTest" classname="Tests.Feature.Demo3PageTest" assertions="1" time="0.046891"/>
      </testsuite>
      <testsuite name="Tests\Feature\ExampleTest" file="D:\laragon\www\upokul-travels\tests\Feature\ExampleTest.php" tests="1" assertions="1" errors="0" failures="0" skipped="0" time="0.048468">
        <testcase name="test_the_application_returns_a_successful_response" file="D:\laragon\www\upokul-travels\tests\Feature\ExampleTest.php" line="13" class="Tests\Feature\ExampleTest" classname="Tests.Feature.ExampleTest" assertions="1" time="0.048468"/>
      </testsuite>
    </testsuite>
  </testsuite>
</testsuites>
